[2023-12-05T05:38:33.721+0000][30][info][gc,init] CardTable entry size: 512
[2023-12-05T05:38:33.722+0000][30][info][gc     ] Using G1
[2023-12-05T05:38:33.725+0000][30][info][gc,init] Version: 21.0.1+12-29 (release)
[2023-12-05T05:38:33.725+0000][30][info][gc,init] CPUs: 8 total, 8 available
[2023-12-05T05:38:33.726+0000][30][info][gc,init] Memory: 7858M
[2023-12-05T05:38:33.726+0000][30][info][gc,init] Large Page Support: Disabled
[2023-12-05T05:38:33.727+0000][30][info][gc,init] NUMA Support: Disabled
[2023-12-05T05:38:33.727+0000][30][info][gc,init] Compressed Oops: Enabled (32-bit)
[2023-12-05T05:38:33.728+0000][30][info][gc,init] Heap Region Size: 1M
[2023-12-05T05:38:33.728+0000][30][info][gc,init] Heap Min Capacity: 8M
[2023-12-05T05:38:33.729+0000][30][info][gc,init] Heap Initial Capacity: 124M
[2023-12-05T05:38:33.729+0000][30][info][gc,init] Heap Max Capacity: 1966M
[2023-12-05T05:38:33.729+0000][30][info][gc,init] Pre-touch: Disabled
[2023-12-05T05:38:33.730+0000][30][info][gc,init] Parallel Workers: 8
[2023-12-05T05:38:33.730+0000][30][info][gc,init] Concurrent Workers: 2
[2023-12-05T05:38:33.731+0000][30][info][gc,init] Concurrent Refinement Workers: 8
[2023-12-05T05:38:33.732+0000][30][info][gc,init] Periodic GC: Disabled
[2023-12-05T05:38:33.747+0000][30][info][gc,metaspace] CDS archive(s) mapped at: [0x00007f877b000000-0x00007f877bca5000-0x00007f877bca5000), size 13258752, SharedBaseAddress: 0x00007f877b000000, ArchiveRelocationMode: 1.
[2023-12-05T05:38:33.747+0000][30][info][gc,metaspace] Compressed class space mapped at: 0x00007f877c000000-0x00007f87bc000000, reserved size: 1073741824
[2023-12-05T05:38:33.748+0000][30][info][gc,metaspace] Narrow klass base: 0x00007f877b000000, Narrow klass shift: 0, Narrow klass range: 0x100000000
[2023-12-05T05:38:33.802+0000][30][info][gc,heap,exit] Heap
[2023-12-05T05:38:33.802+0000][30][info][gc,heap,exit]  garbage-first heap   total 129024K, used 3021K [0x0000000085200000, 0x0000000100000000)
[2023-12-05T05:38:33.803+0000][30][info][gc,heap,exit]   region size 1024K, 2 young (2048K), 0 survivors (0K)
[2023-12-05T05:38:33.803+0000][30][info][gc,heap,exit]  Metaspace       used 213K, committed 448K, reserved 1114112K
[2023-12-05T05:38:33.804+0000][30][info][gc,heap,exit]   class space    used 5K, committed 128K, reserved 1048576K
