[2023-12-05T05:43:14.456+0000][67][info][gc,init] CardTable entry size: 512
[2023-12-05T05:43:14.457+0000][67][info][gc     ] Using G1
[2023-12-05T05:43:14.829+0000][67][info][gc,init] Version: 21.0.1+12-29 (release)
[2023-12-05T05:43:14.829+0000][67][info][gc,init] CPUs: 8 total, 8 available
[2023-12-05T05:43:14.830+0000][67][info][gc,init] Memory: 7858M
[2023-12-05T05:43:14.830+0000][67][info][gc,init] Large Page Support: Disabled
[2023-12-05T05:43:14.830+0000][67][info][gc,init] NUMA Support: Disabled
[2023-12-05T05:43:14.831+0000][67][info][gc,init] Compressed Oops: Enabled (Zero based)
[2023-12-05T05:43:14.831+0000][67][info][gc,init] Heap Region Size: 4M
[2023-12-05T05:43:14.832+0000][67][info][gc,init] Heap Min Capacity: 3932M
[2023-12-05T05:43:14.832+0000][67][info][gc,init] Heap Initial Capacity: 3932M
[2023-12-05T05:43:14.832+0000][67][info][gc,init] Heap Max Capacity: 3932M
[2023-12-05T05:43:14.833+0000][67][info][gc,init] Pre-touch: Enabled
[2023-12-05T05:43:14.833+0000][67][info][gc,init] Parallel Workers: 8
[2023-12-05T05:43:14.834+0000][67][info][gc,init] Concurrent Workers: 2
[2023-12-05T05:43:14.834+0000][67][info][gc,init] Concurrent Refinement Workers: 8
[2023-12-05T05:43:14.834+0000][67][info][gc,init] Periodic GC: Disabled
[2023-12-05T05:43:14.842+0000][67][info][gc,metaspace] CDS archive(s) mapped at: [0x00007f2727000000-0x00007f2727ca5000-0x00007f2727ca5000), size 13258752, SharedBaseAddress: 0x00007f2727000000, ArchiveRelocationMode: 1.
[2023-12-05T05:43:14.843+0000][67][info][gc,metaspace] Compressed class space mapped at: 0x00007f2728000000-0x00007f2768000000, reserved size: 1073741824
[2023-12-05T05:43:14.843+0000][67][info][gc,metaspace] Narrow klass base: 0x00007f2727000000, Narrow klass shift: 0, Narrow klass range: 0x100000000
[2023-12-05T05:43:15.008+0000][67][info][safepoint   ] Safepoint "ICBufferFull", Time since last: 159459555 ns, Reaching safepoint: 3131 ns, Cleanup: 53630 ns, At safepoint: 1675 ns, Total: 58436 ns
[2023-12-05T05:43:15.298+0000][67][info][safepoint   ] Safepoint "ICBufferFull", Time since last: 289628486 ns, Reaching safepoint: 2472 ns, Cleanup: 139804 ns, At safepoint: 1504 ns, Total: 143780 ns
[2023-12-05T05:43:15.549+0000][67][info][safepoint   ] Safepoint "ICBufferFull", Time since last: 250703181 ns, Reaching safepoint: 2747 ns, Cleanup: 186430 ns, At safepoint: 1975 ns, Total: 191152 ns
[2023-12-05T05:43:15.802+0000][67][info][safepoint   ] Safepoint "ICBufferFull", Time since last: 253361189 ns, Reaching safepoint: 102364 ns, Cleanup: 67803 ns, At safepoint: 29731 ns, Total: 199898 ns
[2023-12-05T05:43:16.134+0000][67][info][safepoint   ] Safepoint "ICBufferFull", Time since last: 331753479 ns, Reaching safepoint: 2701 ns, Cleanup: 222315 ns, At safepoint: 2178 ns, Total: 227194 ns
[2023-12-05T05:43:16.452+0000][67][info][safepoint   ] Safepoint "ICBufferFull", Time since last: 317134653 ns, Reaching safepoint: 5111 ns, Cleanup: 84482 ns, At safepoint: 1881 ns, Total: 91474 ns
[2023-12-05T05:43:16.548+0000][67][info][gc,start    ] GC(0) Pause Young (Normal) (G1 Evacuation Pause)
[2023-12-05T05:43:16.549+0000][67][info][gc,task     ] GC(0) Using 8 workers of 8 for evacuation
[2023-12-05T05:43:16.550+0000][67][debug][gc,age      ] GC(0) Desired survivor size 14680064 bytes, new threshold 15 (max threshold 15)
[2023-12-05T05:43:16.556+0000][67][info ][gc,phases   ] GC(0)   Pre Evacuate Collection Set: 0.3ms
[2023-12-05T05:43:16.557+0000][67][info ][gc,phases   ] GC(0)   Merge Heap Roots: 0.2ms
[2023-12-05T05:43:16.557+0000][67][info ][gc,phases   ] GC(0)   Evacuate Collection Set: 3.6ms
[2023-12-05T05:43:16.558+0000][67][info ][gc,phases   ] GC(0)   Post Evacuate Collection Set: 1.7ms
[2023-12-05T05:43:16.558+0000][67][info ][gc,phases   ] GC(0)   Other: 1.0ms
[2023-12-05T05:43:16.559+0000][67][trace][gc,age      ] GC(0) Age table with threshold 15 (max threshold 15)
[2023-12-05T05:43:16.559+0000][67][trace][gc,age      ] GC(0) - age   1:   12364728 bytes,   12364728 total
[2023-12-05T05:43:16.560+0000][67][info ][gc,heap     ] GC(0) Eden regions: 49->0(45)
[2023-12-05T05:43:16.560+0000][67][info ][gc,heap     ] GC(0) Survivor regions: 0->4(7)
[2023-12-05T05:43:16.561+0000][67][info ][gc,heap     ] GC(0) Old regions: 1->1
[2023-12-05T05:43:16.561+0000][67][info ][gc,heap     ] GC(0) Humongous regions: 0->0
[2023-12-05T05:43:16.561+0000][67][info ][gc,metaspace] GC(0) Metaspace: 20050K(20544K)->20050K(20544K) NonClass: 17874K(18176K)->17874K(18176K) Class: 2175K(2368K)->2175K(2368K)
[2023-12-05T05:43:16.562+0000][67][info ][gc          ] GC(0) Pause Young (Normal) (G1 Evacuation Pause) 197M->13M(3932M) 13.490ms
[2023-12-05T05:43:16.562+0000][67][info ][gc,cpu      ] GC(0) User=0.02s Sys=0.01s Real=0.01s
[2023-12-05T05:43:16.562+0000][67][info ][safepoint   ] Safepoint "G1CollectForAllocation", Time since last: 96441634 ns, Reaching safepoint: 148270 ns, Cleanup: 29236 ns, At safepoint: 14251429 ns, Total: 14428935 ns
[2023-12-05T05:43:16.726+0000][67][info ][gc,start    ] GC(1) Pause Young (Concurrent Start) (Metadata GC Threshold)
[2023-12-05T05:43:16.727+0000][67][info ][gc,task     ] GC(1) Using 8 workers of 8 for evacuation
[2023-12-05T05:43:16.727+0000][67][debug][gc,age      ] GC(1) Desired survivor size 14680064 bytes, new threshold 15 (max threshold 15)
[2023-12-05T05:43:16.736+0000][67][info ][gc,phases   ] GC(1)   Pre Evacuate Collection Set: 0.5ms
[2023-12-05T05:43:16.736+0000][67][info ][gc,phases   ] GC(1)   Merge Heap Roots: 0.2ms
[2023-12-05T05:43:16.737+0000][67][info ][gc,phases   ] GC(1)   Evacuate Collection Set: 5.0ms
[2023-12-05T05:43:16.738+0000][67][info ][gc,phases   ] GC(1)   Post Evacuate Collection Set: 1.7ms
[2023-12-05T05:43:16.738+0000][67][info ][gc,phases   ] GC(1)   Other: 1.4ms
[2023-12-05T05:43:16.739+0000][67][trace][gc,age      ] GC(1) Age table with threshold 15 (max threshold 15)
[2023-12-05T05:43:16.740+0000][67][trace][gc,age      ] GC(1) - age   1:    2169552 bytes,    2169552 total
[2023-12-05T05:43:16.741+0000][67][trace][gc,age      ] GC(1) - age   2:    9184248 bytes,   11353800 total
[2023-12-05T05:43:16.741+0000][67][info ][gc,heap     ] GC(1) Eden regions: 24->0(52)
[2023-12-05T05:43:16.742+0000][67][info ][gc,heap     ] GC(1) Survivor regions: 4->3(7)
[2023-12-05T05:43:16.742+0000][67][info ][gc,heap     ] GC(1) Old regions: 1->1
[2023-12-05T05:43:16.743+0000][67][info ][gc,heap     ] GC(1) Humongous regions: 0->0
[2023-12-05T05:43:16.744+0000][67][info ][gc,metaspace] GC(1) Metaspace: 20991K(21504K)->20991K(21504K) NonClass: 18741K(19008K)->18741K(19008K) Class: 2250K(2496K)->2250K(2496K)
[2023-12-05T05:43:16.745+0000][67][info ][gc          ] GC(1) Pause Young (Concurrent Start) (Metadata GC Threshold) 109M->12M(3932M) 18.633ms
[2023-12-05T05:43:16.745+0000][67][info ][gc,cpu      ] GC(1) User=0.05s Sys=0.00s Real=0.02s
[2023-12-05T05:43:16.745+0000][67][info ][gc          ] GC(2) Concurrent Mark Cycle
[2023-12-05T05:43:16.746+0000][67][info ][gc,marking  ] GC(2) Concurrent Scan Root Regions
[2023-12-05T05:43:16.746+0000][67][info ][safepoint   ] Safepoint "CollectForMetadataAllocation", Time since last: 163453059 ns, Reaching safepoint: 3356 ns, Cleanup: 61871 ns, At safepoint: 20049487 ns, Total: 20114714 ns
[2023-12-05T05:43:16.750+0000][67][info ][gc,marking  ] GC(2) Concurrent Scan Root Regions 3.132ms
[2023-12-05T05:43:16.750+0000][67][info ][gc,marking  ] GC(2) Concurrent Mark
[2023-12-05T05:43:16.751+0000][67][info ][gc,marking  ] GC(2) Concurrent Mark From Roots
[2023-12-05T05:43:16.751+0000][67][info ][gc,task     ] GC(2) Using 2 workers of 2 for marking
[2023-12-05T05:43:16.753+0000][67][info ][gc,marking  ] GC(2) Concurrent Mark From Roots 2.464ms
[2023-12-05T05:43:16.753+0000][67][info ][gc,marking  ] GC(2) Concurrent Preclean
[2023-12-05T05:43:16.754+0000][67][info ][gc,marking  ] GC(2) Concurrent Preclean 0.575ms
[2023-12-05T05:43:16.755+0000][67][info ][gc,start    ] GC(2) Pause Remark
[2023-12-05T05:43:16.757+0000][67][info ][gc          ] GC(2) Pause Remark 15M->15M(3932M) 2.461ms
[2023-12-05T05:43:16.770+0000][67][info ][gc,cpu      ] GC(2) User=0.04s Sys=0.00s Real=0.01s
[2023-12-05T05:43:16.771+0000][67][info ][safepoint   ] Safepoint "G1PauseRemark", Time since last: 8858698 ns, Reaching safepoint: 128787 ns, Cleanup: 8535 ns, At safepoint: 15606963 ns, Total: 15744285 ns
[2023-12-05T05:43:16.772+0000][67][info ][gc,marking  ] GC(2) Concurrent Mark 22.080ms
[2023-12-05T05:43:16.773+0000][67][info ][gc,marking  ] GC(2) Concurrent Rebuild Remembered Sets and Scrub Regions
[2023-12-05T05:43:16.774+0000][67][info ][gc,marking  ] GC(2) Concurrent Rebuild Remembered Sets and Scrub Regions 1.409ms
[2023-12-05T05:43:16.775+0000][67][info ][gc,start    ] GC(2) Pause Cleanup
[2023-12-05T05:43:16.776+0000][67][info ][gc          ] GC(2) Pause Cleanup 15M->15M(3932M) 0.963ms
[2023-12-05T05:43:16.777+0000][67][info ][gc,cpu      ] GC(2) User=0.01s Sys=0.00s Real=0.00s
[2023-12-05T05:43:16.777+0000][67][info ][safepoint   ] Safepoint "G1PauseCleanup", Time since last: 4201453 ns, Reaching safepoint: 101572 ns, Cleanup: 3225 ns, At safepoint: 2162682 ns, Total: 2267479 ns
[2023-12-05T05:43:16.778+0000][67][info ][gc,marking  ] GC(2) Concurrent Clear Claimed Marks
[2023-12-05T05:43:16.778+0000][67][info ][gc,marking  ] GC(2) Concurrent Clear Claimed Marks 0.722ms
[2023-12-05T05:43:16.779+0000][67][info ][gc,marking  ] GC(2) Concurrent Cleanup for Next Mark
[2023-12-05T05:43:16.783+0000][67][info ][gc,marking  ] GC(2) Concurrent Cleanup for Next Mark 4.561ms
[2023-12-05T05:43:16.784+0000][67][info ][gc          ] GC(2) Concurrent Mark Cycle 38.724ms
[2023-12-05T05:43:17.152+0000][67][info ][safepoint   ] Safepoint "ICBufferFull", Time since last: 375267282 ns, Reaching safepoint: 3187 ns, Cleanup: 77614 ns, At safepoint: 31356 ns, Total: 112157 ns
[2023-12-05T05:43:17.325+0000][67][info ][gc,start    ] GC(3) Pause Young (Prepare Mixed) (G1 Evacuation Pause)
[2023-12-05T05:43:17.326+0000][67][info ][gc,task     ] GC(3) Using 8 workers of 8 for evacuation
[2023-12-05T05:43:17.326+0000][67][debug][gc,age      ] GC(3) Desired survivor size 14680064 bytes, new threshold 15 (max threshold 15)
[2023-12-05T05:43:17.335+0000][67][info ][gc,phases   ] GC(3)   Pre Evacuate Collection Set: 0.2ms
[2023-12-05T05:43:17.335+0000][67][info ][gc,phases   ] GC(3)   Merge Heap Roots: 0.1ms
[2023-12-05T05:43:17.336+0000][67][info ][gc,phases   ] GC(3)   Evacuate Collection Set: 5.7ms
[2023-12-05T05:43:17.336+0000][67][info ][gc,phases   ] GC(3)   Post Evacuate Collection Set: 1.6ms
[2023-12-05T05:43:17.336+0000][67][info ][gc,phases   ] GC(3)   Other: 1.0ms
[2023-12-05T05:43:17.337+0000][67][trace][gc,age      ] GC(3) Age table with threshold 15 (max threshold 15)
[2023-12-05T05:43:17.337+0000][67][trace][gc,age      ] GC(3) - age   1:    7485136 bytes,    7485136 total
[2023-12-05T05:43:17.338+0000][67][trace][gc,age      ] GC(3) - age   2:    1975672 bytes,    9460808 total
[2023-12-05T05:43:17.338+0000][67][trace][gc,age      ] GC(3) - age   3:    9177880 bytes,   18638688 total
[2023-12-05T05:43:17.339+0000][67][info ][gc,heap     ] GC(3) Eden regions: 52->0(82)
[2023-12-05T05:43:17.339+0000][67][info ][gc,heap     ] GC(3) Survivor regions: 3->5(7)
[2023-12-05T05:43:17.339+0000][67][info ][gc,heap     ] GC(3) Old regions: 1->1
[2023-12-05T05:43:17.340+0000][67][info ][gc,heap     ] GC(3) Humongous regions: 0->0
[2023-12-05T05:43:17.340+0000][67][info ][gc,metaspace] GC(3) Metaspace: 28057K(28608K)->28057K(28608K) NonClass: 24898K(25216K)->24898K(25216K) Class: 3158K(3392K)->3158K(3392K)
[2023-12-05T05:43:17.341+0000][67][info ][gc          ] GC(3) Pause Young (Prepare Mixed) (G1 Evacuation Pause) 220M->20M(3932M) 15.506ms
[2023-12-05T05:43:17.378+0000][67][info ][gc,cpu      ] GC(3) User=0.05s Sys=0.00s Real=0.05s
[2023-12-05T05:43:17.379+0000][67][info ][safepoint   ] Safepoint "G1CollectForAllocation", Time since last: 172641664 ns, Reaching safepoint: 3942 ns, Cleanup: 51649 ns, At safepoint: 53716508 ns, Total: 53772099 ns
[2023-12-05T05:43:17.728+0000][67][info ][gc,start    ] GC(4) Pause Young (Mixed) (G1 Evacuation Pause)
[2023-12-05T05:43:17.729+0000][67][info ][gc,task     ] GC(4) Using 8 workers of 8 for evacuation
[2023-12-05T05:43:17.730+0000][67][debug][gc,age      ] GC(4) Desired survivor size 23068672 bytes, new threshold 15 (max threshold 15)
[2023-12-05T05:43:17.741+0000][67][info ][gc,phases   ] GC(4)   Pre Evacuate Collection Set: 0.5ms
[2023-12-05T05:43:17.742+0000][67][info ][gc,phases   ] GC(4)   Merge Heap Roots: 0.2ms
[2023-12-05T05:43:17.743+0000][67][info ][gc,phases   ] GC(4)   Evacuate Collection Set: 7.0ms
[2023-12-05T05:43:17.743+0000][67][info ][gc,phases   ] GC(4)   Post Evacuate Collection Set: 1.8ms
[2023-12-05T05:43:17.744+0000][67][info ][gc,phases   ] GC(4)   Other: 2.1ms
[2023-12-05T05:43:17.745+0000][67][trace][gc,age      ] GC(4) Age table with threshold 15 (max threshold 15)
[2023-12-05T05:43:17.746+0000][67][trace][gc,age      ] GC(4) - age   1:    5268216 bytes,    5268216 total
[2023-12-05T05:43:17.747+0000][67][trace][gc,age      ] GC(4) - age   2:    5651848 bytes,   10920064 total
[2023-12-05T05:43:17.747+0000][67][trace][gc,age      ] GC(4) - age   3:    1975080 bytes,   12895144 total
[2023-12-05T05:43:17.748+0000][67][trace][gc,age      ] GC(4) - age   4:    9177624 bytes,   22072768 total
[2023-12-05T05:43:17.749+0000][67][info ][gc,heap     ] GC(4) Eden regions: 82->0(104)
[2023-12-05T05:43:17.749+0000][67][info ][gc,heap     ] GC(4) Survivor regions: 5->6(11)
[2023-12-05T05:43:17.750+0000][67][info ][gc,heap     ] GC(4) Old regions: 1->1
[2023-12-05T05:43:17.751+0000][67][info ][gc,heap     ] GC(4) Humongous regions: 0->0
[2023-12-05T05:43:17.751+0000][67][info ][gc,metaspace] GC(4) Metaspace: 28960K(29568K)->28960K(29568K) NonClass: 25693K(26048K)->25693K(26048K) Class: 3266K(3520K)->3266K(3520K)
[2023-12-05T05:43:17.752+0000][67][info ][gc          ] GC(4) Pause Young (Mixed) (G1 Evacuation Pause) 348M->23M(3932M) 23.503ms
[2023-12-05T05:43:17.752+0000][67][info ][gc,cpu      ] GC(4) User=0.05s Sys=0.00s Real=0.02s
[2023-12-05T05:43:17.753+0000][67][info ][safepoint   ] Safepoint "G1CollectForAllocation", Time since last: 349490351 ns, Reaching safepoint: 3213 ns, Cleanup: 75565 ns, At safepoint: 24602370 ns, Total: 24681148 ns
[2023-12-05T05:43:18.211+0000][67][info ][safepoint   ] Safepoint "ICBufferFull", Time since last: 457689689 ns, Reaching safepoint: 98764 ns, Cleanup: 75894 ns, At safepoint: 30567 ns, Total: 205225 ns
[2023-12-05T05:43:18.348+0000][67][info ][gc,start    ] GC(5) Pause Young (Concurrent Start) (Metadata GC Threshold)
[2023-12-05T05:43:18.349+0000][67][info ][gc,task     ] GC(5) Using 8 workers of 8 for evacuation
[2023-12-05T05:43:18.350+0000][67][debug][gc,age      ] GC(5) Desired survivor size 29360128 bytes, new threshold 15 (max threshold 15)
[2023-12-05T05:43:18.360+0000][67][info ][gc,phases   ] GC(5)   Pre Evacuate Collection Set: 0.4ms
[2023-12-05T05:43:18.360+0000][67][info ][gc,phases   ] GC(5)   Merge Heap Roots: 0.1ms
[2023-12-05T05:43:18.361+0000][67][info ][gc,phases   ] GC(5)   Evacuate Collection Set: 7.0ms
[2023-12-05T05:43:18.361+0000][67][info ][gc,phases   ] GC(5)   Post Evacuate Collection Set: 1.7ms
[2023-12-05T05:43:18.362+0000][67][info ][gc,phases   ] GC(5)   Other: 1.3ms
[2023-12-05T05:43:18.362+0000][67][trace][gc,age      ] GC(5) Age table with threshold 15 (max threshold 15)
[2023-12-05T05:43:18.363+0000][67][trace][gc,age      ] GC(5) - age   1:    8077080 bytes,    8077080 total
[2023-12-05T05:43:18.363+0000][67][trace][gc,age      ] GC(5) - age   2:    2959632 bytes,   11036712 total
[2023-12-05T05:43:18.364+0000][67][trace][gc,age      ] GC(5) - age   3:    5645448 bytes,   16682160 total
[2023-12-05T05:43:18.364+0000][67][trace][gc,age      ] GC(5) - age   4:    1973400 bytes,   18655560 total
[2023-12-05T05:43:18.365+0000][67][trace][gc,age      ] GC(5) - age   5:    9171208 bytes,   27826768 total
[2023-12-05T05:43:18.365+0000][67][info ][gc,heap     ] GC(5) Eden regions: 81->0(222)
[2023-12-05T05:43:18.366+0000][67][info ][gc,heap     ] GC(5) Survivor regions: 6->8(14)
[2023-12-05T05:43:18.366+0000][67][info ][gc,heap     ] GC(5) Old regions: 1->1
[2023-12-05T05:43:18.366+0000][67][info ][gc,heap     ] GC(5) Humongous regions: 0->0
[2023-12-05T05:43:18.367+0000][67][info ][gc,metaspace] GC(5) Metaspace: 35550K(36288K)->35550K(36288K) NonClass: 31533K(32000K)->31533K(32000K) Class: 4017K(4288K)->4017K(4288K)
[2023-12-05T05:43:18.368+0000][67][info ][gc          ] GC(5) Pause Young (Concurrent Start) (Metadata GC Threshold) 347M->29M(3932M) 19.355ms
[2023-12-05T05:43:18.368+0000][67][info ][gc,cpu      ] GC(5) User=0.04s Sys=0.01s Real=0.02s
[2023-12-05T05:43:18.368+0000][67][info ][gc          ] GC(6) Concurrent Mark Cycle
[2023-12-05T05:43:18.369+0000][67][info ][gc,marking  ] GC(6) Concurrent Scan Root Regions
[2023-12-05T05:43:18.369+0000][67][info ][safepoint   ] Safepoint "CollectForMetadataAllocation", Time since last: 137169650 ns, Reaching safepoint: 2860 ns, Cleanup: 41686 ns, At safepoint: 20374193 ns, Total: 20418739 ns
[2023-12-05T05:43:18.373+0000][67][info ][gc,marking  ] GC(6) Concurrent Scan Root Regions 4.297ms
[2023-12-05T05:43:18.374+0000][67][info ][gc,marking  ] GC(6) Concurrent Mark
[2023-12-05T05:43:18.374+0000][67][info ][gc,marking  ] GC(6) Concurrent Mark From Roots
[2023-12-05T05:43:18.375+0000][67][info ][gc,task     ] GC(6) Using 2 workers of 2 for marking
[2023-12-05T05:43:18.377+0000][67][info ][gc,marking  ] GC(6) Concurrent Mark From Roots 2.583ms
[2023-12-05T05:43:18.377+0000][67][info ][gc,marking  ] GC(6) Concurrent Preclean
[2023-12-05T05:43:18.378+0000][67][info ][gc,marking  ] GC(6) Concurrent Preclean 0.599ms
[2023-12-05T05:43:18.379+0000][67][info ][gc,start    ] GC(6) Pause Remark
[2023-12-05T05:43:18.384+0000][67][info ][gc          ] GC(6) Pause Remark 32M->32M(3932M) 4.946ms
[2023-12-05T05:43:18.384+0000][67][info ][gc,cpu      ] GC(6) User=0.02s Sys=0.00s Real=0.00s
[2023-12-05T05:43:18.385+0000][67][info ][safepoint   ] Safepoint "G1PauseRemark", Time since last: 10095874 ns, Reaching safepoint: 113566 ns, Cleanup: 5992 ns, At safepoint: 6417383 ns, Total: 6536941 ns
[2023-12-05T05:43:18.386+0000][67][info ][gc,marking  ] GC(6) Concurrent Mark 11.966ms
[2023-12-05T05:43:18.386+0000][67][info ][gc,marking  ] GC(6) Concurrent Rebuild Remembered Sets and Scrub Regions
[2023-12-05T05:43:18.387+0000][67][info ][gc,marking  ] GC(6) Concurrent Rebuild Remembered Sets and Scrub Regions 0.975ms
[2023-12-05T05:43:18.388+0000][67][info ][gc,start    ] GC(6) Pause Cleanup
[2023-12-05T05:43:18.389+0000][67][info ][gc          ] GC(6) Pause Cleanup 32M->32M(3932M) 0.945ms
[2023-12-05T05:43:18.389+0000][67][info ][gc,cpu      ] GC(6) User=0.01s Sys=0.00s Real=0.00s
[2023-12-05T05:43:18.390+0000][67][info ][safepoint   ] Safepoint "G1PauseCleanup", Time since last: 2319263 ns, Reaching safepoint: 42601 ns, Cleanup: 47524 ns, At safepoint: 2124937 ns, Total: 2215062 ns
[2023-12-05T05:43:18.390+0000][67][info ][gc,marking  ] GC(6) Concurrent Clear Claimed Marks
[2023-12-05T05:43:18.391+0000][67][info ][gc,marking  ] GC(6) Concurrent Clear Claimed Marks 0.530ms
[2023-12-05T05:43:18.391+0000][67][info ][gc,marking  ] GC(6) Concurrent Cleanup for Next Mark
[2023-12-05T05:43:18.395+0000][67][info ][gc,marking  ] GC(6) Concurrent Cleanup for Next Mark 4.185ms
[2023-12-05T05:43:18.396+0000][67][info ][gc          ] GC(6) Concurrent Mark Cycle 28.203ms
[2023-12-05T05:43:19.194+0000][67][info ][safepoint   ] Safepoint "ICBufferFull", Time since last: 803694383 ns, Reaching safepoint: 4439 ns, Cleanup: 140410 ns, At safepoint: 2629 ns, Total: 147478 ns
[2023-12-05T05:43:19.745+0000][67][info ][safepoint   ] Safepoint "ICBufferFull", Time since last: 550878875 ns, Reaching safepoint: 4687 ns, Cleanup: 269856 ns, At safepoint: 34176 ns, Total: 308719 ns
[2023-12-05T05:43:20.820+0000][67][info ][safepoint   ] Safepoint "ICBufferFull", Time since last: 1075128888 ns, Reaching safepoint: 101349 ns, Cleanup: 100122 ns, At safepoint: 15512 ns, Total: 216983 ns
[2023-12-05T05:43:20.903+0000][67][info ][gc,start    ] GC(7) Pause Young (Normal) (G1 Evacuation Pause)
[2023-12-05T05:43:20.904+0000][67][info ][gc,task     ] GC(7) Using 8 workers of 8 for evacuation
[2023-12-05T05:43:20.904+0000][67][debug][gc,age      ] GC(7) Desired survivor size 60817408 bytes, new threshold 15 (max threshold 15)
[2023-12-05T05:43:20.923+0000][67][info ][gc,phases   ] GC(7)   Pre Evacuate Collection Set: 0.2ms
[2023-12-05T05:43:20.924+0000][67][info ][gc,phases   ] GC(7)   Merge Heap Roots: 0.2ms
[2023-12-05T05:43:20.925+0000][67][info ][gc,phases   ] GC(7)   Evacuate Collection Set: 15.1ms
[2023-12-05T05:43:20.925+0000][67][info ][gc,phases   ] GC(7)   Post Evacuate Collection Set: 2.6ms
[2023-12-05T05:43:20.926+0000][67][info ][gc,phases   ] GC(7)   Other: 1.5ms
[2023-12-05T05:43:20.926+0000][67][trace][gc,age      ] GC(7) Age table with threshold 15 (max threshold 15)
[2023-12-05T05:43:20.926+0000][67][trace][gc,age      ] GC(7) - age   1:   26621712 bytes,   26621712 total
[2023-12-05T05:43:20.927+0000][67][trace][gc,age      ] GC(7) - age   2:    8004688 bytes,   34626400 total
[2023-12-05T05:43:20.927+0000][67][trace][gc,age      ] GC(7) - age   3:    2941456 bytes,   37567856 total
[2023-12-05T05:43:20.928+0000][67][trace][gc,age      ] GC(7) - age   4:    5606384 bytes,   43174240 total
[2023-12-05T05:43:20.928+0000][67][trace][gc,age      ] GC(7) - age   5:    1965880 bytes,   45140120 total
[2023-12-05T05:43:20.928+0000][67][trace][gc,age      ] GC(7) - age   6:    8945720 bytes,   54085840 total
[2023-12-05T05:43:20.929+0000][67][info ][gc,heap     ] GC(7) Eden regions: 222->0(88)
[2023-12-05T05:43:20.929+0000][67][info ][gc,heap     ] GC(7) Survivor regions: 8->14(29)
[2023-12-05T05:43:20.930+0000][67][info ][gc,heap     ] GC(7) Old regions: 1->1
[2023-12-05T05:43:20.930+0000][67][info ][gc,heap     ] GC(7) Humongous regions: 0->0
[2023-12-05T05:43:20.931+0000][67][info ][gc,metaspace] GC(7) Metaspace: 53428K(54784K)->53428K(54784K) NonClass: 46950K(47808K)->46950K(47808K) Class: 6477K(6976K)->6477K(6976K)
[2023-12-05T05:43:20.931+0000][67][info ][gc          ] GC(7) Pause Young (Normal) (G1 Evacuation Pause) 917M->56M(3932M) 27.821ms
[2023-12-05T05:43:20.931+0000][67][info ][gc,cpu      ] GC(7) User=0.12s Sys=0.00s Real=0.03s
[2023-12-05T05:43:20.932+0000][67][info ][safepoint   ] Safepoint "G1CollectForAllocation", Time since last: 83018329 ns, Reaching safepoint: 4866 ns, Cleanup: 31612 ns, At safepoint: 28686977 ns, Total: 28723455 ns
[2023-12-05T05:43:21.276+0000][67][info ][gc,start    ] GC(8) Pause Young (Concurrent Start) (Metadata GC Threshold)
[2023-12-05T05:43:21.277+0000][67][info ][gc,task     ] GC(8) Using 8 workers of 8 for evacuation
[2023-12-05T05:43:21.278+0000][67][debug][gc,age      ] GC(8) Desired survivor size 27262976 bytes, new threshold 2 (max threshold 15)
[2023-12-05T05:43:21.295+0000][67][info ][gc,phases   ] GC(8)   Pre Evacuate Collection Set: 0.4ms
[2023-12-05T05:43:21.296+0000][67][info ][gc,phases   ] GC(8)   Merge Heap Roots: 0.1ms
[2023-12-05T05:43:21.297+0000][67][info ][gc,phases   ] GC(8)   Evacuate Collection Set: 14.2ms
[2023-12-05T05:43:21.298+0000][67][info ][gc,phases   ] GC(8)   Post Evacuate Collection Set: 1.9ms
[2023-12-05T05:43:21.299+0000][67][info ][gc,phases   ] GC(8)   Other: 1.5ms
[2023-12-05T05:43:21.299+0000][67][trace][gc,age      ] GC(8) Age table with threshold 2 (max threshold 15)
[2023-12-05T05:43:21.301+0000][67][trace][gc,age      ] GC(8) - age   1:    2903624 bytes,    2903624 total
[2023-12-05T05:43:21.303+0000][67][trace][gc,age      ] GC(8) - age   2:   26373696 bytes,   29277320 total
[2023-12-05T05:43:21.303+0000][67][info ][gc,heap     ] GC(8) Eden regions: 16->0(346)
[2023-12-05T05:43:21.304+0000][67][info ][gc,heap     ] GC(8) Survivor regions: 14->8(13)
[2023-12-05T05:43:21.304+0000][67][info ][gc,heap     ] GC(8) Old regions: 1->8
[2023-12-05T05:43:21.305+0000][67][info ][gc,heap     ] GC(8) Humongous regions: 0->0
[2023-12-05T05:43:21.306+0000][67][info ][gc,metaspace] GC(8) Metaspace: 59334K(60800K)->59334K(60800K) NonClass: 52031K(52928K)->52031K(52928K) Class: 7302K(7872K)->7302K(7872K)
[2023-12-05T05:43:21.306+0000][67][info ][gc          ] GC(8) Pause Young (Concurrent Start) (Metadata GC Threshold) 118M->60M(3932M) 30.085ms
[2023-12-05T05:43:21.307+0000][67][info ][gc,cpu      ] GC(8) User=0.10s Sys=0.00s Real=0.03s
[2023-12-05T05:43:21.307+0000][67][info ][gc          ] GC(9) Concurrent Mark Cycle
[2023-12-05T05:43:21.308+0000][67][info ][gc,marking  ] GC(9) Concurrent Scan Root Regions
[2023-12-05T05:43:21.308+0000][67][info ][safepoint   ] Safepoint "CollectForMetadataAllocation", Time since last: 344228003 ns, Reaching safepoint: 3657 ns, Cleanup: 67016 ns, At safepoint: 31599223 ns, Total: 31669896 ns
[2023-12-05T05:43:21.320+0000][67][info ][gc,marking  ] GC(9) Concurrent Scan Root Regions 12.020ms
[2023-12-05T05:43:21.321+0000][67][info ][gc,marking  ] GC(9) Concurrent Mark
[2023-12-05T05:43:21.321+0000][67][info ][gc,marking  ] GC(9) Concurrent Mark From Roots
[2023-12-05T05:43:21.322+0000][67][info ][gc,task     ] GC(9) Using 2 workers of 2 for marking
[2023-12-05T05:43:21.328+0000][67][info ][gc,marking  ] GC(9) Concurrent Mark From Roots 6.970ms
[2023-12-05T05:43:21.329+0000][67][info ][gc,marking  ] GC(9) Concurrent Preclean
[2023-12-05T05:43:21.330+0000][67][info ][gc,marking  ] GC(9) Concurrent Preclean 0.776ms
[2023-12-05T05:43:21.331+0000][67][info ][gc,start    ] GC(9) Pause Remark
[2023-12-05T05:43:21.336+0000][67][info ][gc          ] GC(9) Pause Remark 62M->62M(3932M) 5.305ms
[2023-12-05T05:43:21.337+0000][67][info ][gc,cpu      ] GC(9) User=0.02s Sys=0.00s Real=0.01s
[2023-12-05T05:43:21.338+0000][67][info ][safepoint   ] Safepoint "G1PauseRemark", Time since last: 22877582 ns, Reaching safepoint: 113867 ns, Cleanup: 6473 ns, At safepoint: 7057734 ns, Total: 7178074 ns
[2023-12-05T05:43:21.338+0000][67][info ][gc,marking  ] GC(9) Concurrent Mark 17.595ms
[2023-12-05T05:43:21.339+0000][67][info ][gc,marking  ] GC(9) Concurrent Rebuild Remembered Sets and Scrub Regions
[2023-12-05T05:43:21.345+0000][67][info ][gc,marking  ] GC(9) Concurrent Rebuild Remembered Sets and Scrub Regions 6.629ms
[2023-12-05T05:43:21.346+0000][67][info ][gc,start    ] GC(9) Pause Cleanup
[2023-12-05T05:43:21.347+0000][67][info ][gc          ] GC(9) Pause Cleanup 64M->64M(3932M) 1.103ms
[2023-12-05T05:43:21.348+0000][67][info ][gc,cpu      ] GC(9) User=0.00s Sys=0.00s Real=0.00s
[2023-12-05T05:43:21.349+0000][67][info ][safepoint   ] Safepoint "G1PauseCleanup", Time since last: 8242275 ns, Reaching safepoint: 160470 ns, Cleanup: 27156 ns, At safepoint: 2540843 ns, Total: 2728469 ns
[2023-12-05T05:43:21.349+0000][67][info ][gc,marking  ] GC(9) Concurrent Clear Claimed Marks
[2023-12-05T05:43:21.350+0000][67][info ][gc,marking  ] GC(9) Concurrent Clear Claimed Marks 0.494ms
[2023-12-05T05:43:21.350+0000][67][info ][gc,marking  ] GC(9) Concurrent Cleanup for Next Mark
[2023-12-05T05:43:21.354+0000][67][info ][gc,marking  ] GC(9) Concurrent Cleanup for Next Mark 4.007ms
[2023-12-05T05:43:21.355+0000][67][info ][gc          ] GC(9) Concurrent Mark Cycle 48.202ms
[2023-12-05T05:43:22.350+0000][67][info ][safepoint   ] Safepoint "Cleanup", Time since last: 1000559741 ns, Reaching safepoint: 173623 ns, Cleanup: 245737 ns, At safepoint: 6507 ns, Total: 425867 ns
[2023-12-05T05:43:22.665+0000][67][info ][gc,heap,exit] Heap
[2023-12-05T05:43:22.665+0000][67][info ][gc,heap,exit]  garbage-first heap   total 4026368K, used 439048K [0x000000070a400000, 0x0000000800000000)
[2023-12-05T05:43:22.666+0000][67][info ][gc,heap,exit]   region size 4096K, 101 young (413696K), 8 survivors (32768K)
[2023-12-05T05:43:22.666+0000][67][info ][gc,heap,exit]  Metaspace       used 73173K, committed 74816K, reserved 1114112K
[2023-12-05T05:43:22.667+0000][67][info ][gc,heap,exit]   class space    used 9513K, committed 10176K, reserved 1048576K
