[2023-12-05T05:43:14.316+0000][49][info][gc,init] CardTable entry size: 512
[2023-12-05T05:43:14.317+0000][49][info][gc     ] Using G1
[2023-12-05T05:43:14.329+0000][49][info][gc,init] Version: 21.0.1+12-29 (release)
[2023-12-05T05:43:14.329+0000][49][info][gc,init] CPUs: 8 total, 8 available
[2023-12-05T05:43:14.330+0000][49][info][gc,init] Memory: 7858M
[2023-12-05T05:43:14.330+0000][49][info][gc,init] Large Page Support: Disabled
[2023-12-05T05:43:14.331+0000][49][info][gc,init] NUMA Support: Disabled
[2023-12-05T05:43:14.332+0000][49][info][gc,init] Compressed Oops: Enabled (Zero based)
[2023-12-05T05:43:14.332+0000][49][info][gc,init] Heap Region Size: 2M
[2023-12-05T05:43:14.333+0000][49][info][gc,init] Heap Min Capacity: 3930M
[2023-12-05T05:43:14.333+0000][49][info][gc,init] Heap Initial Capacity: 3930M
[2023-12-05T05:43:14.333+0000][49][info][gc,init] Heap Max Capacity: 3930M
[2023-12-05T05:43:14.334+0000][49][info][gc,init] Pre-touch: Disabled
[2023-12-05T05:43:14.334+0000][49][info][gc,init] Parallel Workers: 8
[2023-12-05T05:43:14.335+0000][49][info][gc,init] Concurrent Workers: 2
[2023-12-05T05:43:14.335+0000][49][info][gc,init] Concurrent Refinement Workers: 8
[2023-12-05T05:43:14.335+0000][49][info][gc,init] Periodic GC: Disabled
[2023-12-05T05:43:14.343+0000][49][info][gc,metaspace] CDS archive(s) mapped at: [0x00007f8333000000-0x00007f8333ca5000-0x00007f8333ca5000), size 13258752, SharedBaseAddress: 0x00007f8333000000, ArchiveRelocationMode: 1.
[2023-12-05T05:43:14.343+0000][49][info][gc,metaspace] Compressed class space mapped at: 0x00007f8334000000-0x00007f8374000000, reserved size: 1073741824
[2023-12-05T05:43:14.344+0000][49][info][gc,metaspace] Narrow klass base: 0x00007f8333000000, Narrow klass shift: 0, Narrow klass range: 0x100000000
[2023-12-05T05:43:14.412+0000][49][info][gc,heap,exit] Heap
[2023-12-05T05:43:14.414+0000][49][info][gc,heap,exit]  garbage-first heap   total 4024320K, used 5149K [0x000000070a600000, 0x0000000800000000)
[2023-12-05T05:43:14.415+0000][49][info][gc,heap,exit]   region size 2048K, 2 young (4096K), 0 survivors (0K)
[2023-12-05T05:43:14.415+0000][49][info][gc,heap,exit]  Metaspace       used 215K, committed 448K, reserved 1114112K
[2023-12-05T05:43:14.416+0000][49][info][gc,heap,exit]   class space    used 5K, committed 128K, reserved 1048576K
